---
source: crates/indexer/tests/snapshot_tests.rs
expression: rows
---
[
  {
    "event_digest": "4c3YE3wdiiU4HGjfy7VKbLfMbGbdNMrymxsBU5hF2EZc0",
    "digest": "4c3YE3wdiiU4HGjfy7VKbLfMbGbdNMrymxsBU5hF2EZc",
    "sender": "0xcde6dbe01902be1f200ff03dbbd149e586847be8cee15235f82750d9b06c0e04",
    "checkpoint": "100000017",
    "timestamp": "1970-01-01 00:00:00.000000",
    "checkpoint_timestamp_ms": "1736510372652",
    "package": "0x2c8d603bc51326b8c13cef9dd07031a408a48dddb541963357661df5d3204809",
    "status": "Placed",
    "pool_id": "0xf948981b806057580f91622417534f491da5f61aeaf33d0ed8e69fd5691c95ce",
    "order_id": "2855002598734771377313830840",
    "client_order_id": "2696363258462237378",
    "price": "154770000",
    "is_bid": true,
    "original_quantity": "650000000",
    "quantity": "650000000",
    "filled_quantity": "0",
    "onchain_timestamp": "1736510372539",
    "balance_manager_id": "0x344c2734b1d211bd15212bfb7847c66a3b18803f3f5ab00f5ff6f87b6fe6d27d",
    "trader": "0xcde6dbe01902be1f200ff03dbbd149e586847be8cee15235f82750d9b06c0e04"
  },
  {
    "event_digest": "4c3YE3wdiiU4HGjfy7VKbLfMbGbdNMrymxsBU5hF2EZc2",
    "digest": "4c3YE3wdiiU4HGjfy7VKbLfMbGbdNMrymxsBU5hF2EZc",
    "sender": "0xcde6dbe01902be1f200ff03dbbd149e586847be8cee15235f82750d9b06c0e04",
    "checkpoint": "100000017",
    "timestamp": "1970-01-01 00:00:00.000000",
    "checkpoint_timestamp_ms": "1736510372652",
    "package": "0x2c8d603bc51326b8c13cef9dd07031a408a48dddb541963357661df5d3204809",
    "status": "Placed",
    "pool_id": "0xf948981b806057580f91622417534f491da5f61aeaf33d0ed8e69fd5691c95ce",
    "order_id": "170141183463330137270078918076013547703",
    "client_order_id": "6254035893388212517",
    "price": "155090000",
    "is_bid": false,
    "original_quantity": "640000000",
    "quantity": "640000000",
    "filled_quantity": "0",
    "onchain_timestamp": "1736510372539",
    "balance_manager_id": "0x344c2734b1d211bd15212bfb7847c66a3b18803f3f5ab00f5ff6f87b6fe6d27d",
    "trader": "0xcde6dbe01902be1f200ff03dbbd149e586847be8cee15235f82750d9b06c0e04"
  },
  {
    "event_digest": "4c3YE3wdiiU4HGjfy7VKbLfMbGbdNMrymxsBU5hF2EZc4",
    "digest": "4c3YE3wdiiU4HGjfy7VKbLfMbGbdNMrymxsBU5hF2EZc",
    "sender": "0xcde6dbe01902be1f200ff03dbbd149e586847be8cee15235f82750d9b06c0e04",
    "checkpoint": "100000017",
    "timestamp": "1970-01-01 00:00:00.000000",
    "checkpoint_timestamp_ms": "1736510372652",
    "package": "0x2c8d603bc51326b8c13cef9dd07031a408a48dddb541963357661df5d3204809",
    "status": "Placed",
    "pool_id": "0xf948981b806057580f91622417534f491da5f61aeaf33d0ed8e69fd5691c95ce",
    "order_id": "170141183463353195700171055015533547704",
    "client_order_id": "2259069948176513753",
    "price": "156340000",
    "is_bid": false,
    "original_quantity": "63960000000",
    "quantity": "63960000000",
    "filled_quantity": "0",
    "onchain_timestamp": "1736510372539",
    "balance_manager_id": "0x344c2734b1d211bd15212bfb7847c66a3b18803f3f5ab00f5ff6f87b6fe6d27d",
    "trader": "0xcde6dbe01902be1f200ff03dbbd149e586847be8cee15235f82750d9b06c0e04"
  },
  {
    "event_digest": "4c3YE3wdiiU4HGjfy7VKbLfMbGbdNMrymxsBU5hF2EZc6",
    "digest": "4c3YE3wdiiU4HGjfy7VKbLfMbGbdNMrymxsBU5hF2EZc",
    "sender": "0xcde6dbe01902be1f200ff03dbbd149e586847be8cee15235f82750d9b06c0e04",
    "checkpoint": "100000017",
    "timestamp": "1970-01-01 00:00:00.000000",
    "checkpoint_timestamp_ms": "1736510372652",
    "package": "0x2c8d603bc51326b8c13cef9dd07031a408a48dddb541963357661df5d3204809",
    "status": "Placed",
    "pool_id": "0xf948981b806057580f91622417534f491da5f61aeaf33d0ed8e69fd5691c95ce",
    "order_id": "2811099347839342644467750839",
    "client_order_id": "6079306980876303357",
    "price": "152390000",
    "is_bid": true,
    "original_quantity": "246080000000",
    "quantity": "246080000000",
    "filled_quantity": "0",
    "onchain_timestamp": "1736510372539",
    "balance_manager_id": "0x344c2734b1d211bd15212bfb7847c66a3b18803f3f5ab00f5ff6f87b6fe6d27d",
    "trader": "0xcde6dbe01902be1f200ff03dbbd149e586847be8cee15235f82750d9b06c0e04"
  },
  {
    "event_digest": "4c3YE3wdiiU4HGjfy7VKbLfMbGbdNMrymxsBU5hF2EZc8",
    "digest": "4c3YE3wdiiU4HGjfy7VKbLfMbGbdNMrymxsBU5hF2EZc",
    "sender": "0xcde6dbe01902be1f200ff03dbbd149e586847be8cee15235f82750d9b06c0e04",
    "checkpoint": "100000017",
    "timestamp": "1970-01-01 00:00:00.000000",
    "checkpoint_timestamp_ms": "1736510372652",
    "package": "0x2c8d603bc51326b8c13cef9dd07031a408a48dddb541963357661df5d3204809",
    "status": "Placed",
    "pool_id": "0xf948981b806057580f91622417534f491da5f61aeaf33d0ed8e69fd5691c95ce",
    "order_id": "170141183463383263893011201584667627705",
    "client_order_id": "4784898273119735712",
    "price": "157970000",
    "is_bid": false,
    "original_quantity": "237390000000",
    "quantity": "237390000000",
    "filled_quantity": "0",
    "onchain_timestamp": "1736510372539",
    "balance_manager_id": "0x344c2734b1d211bd15212bfb7847c66a3b18803f3f5ab00f5ff6f87b6fe6d27d",
    "trader": "0xcde6dbe01902be1f200ff03dbbd149e586847be8cee15235f82750d9b06c0e04"
  }
]
