---
source: crates/indexer/tests/snapshot_tests.rs
expression: rows
---
[
  {
    "event_digest": "Fu4EWrNFQ1ZMqsq195yfBLhXs63cLzTJiMv3ySF4Vkei0",
    "digest": "Fu4EWrNFQ1ZMqsq195yfBLhXs63cLzTJiMv3ySF4Vkei",
    "sender": "0xcde6dbe01902be1f200ff03dbbd149e586847be8cee15235f82750d9b06c0e04",
    "checkpoint": 152558328,
    "timestamp": "2025-06-03 09:28:35.791795",
    "checkpoint_timestamp_ms": 1748942496646,
    "package": "0xcaf6ba059d539a97646d47f0b9ddf843e138d215e2a12ca1f4585d386f7aec3a",
    "status": "Placed",
    "pool_id": "0x81f5339934c83ea19dd6bcc75c52e83509629a5f71d3257428c2ce47cc94d08b",
    "order_id": "2787118580543520227364197231",
    "client_order_id": 4666695821794152766,
    "price": 151090000,
    "is_bid": true,
    "original_quantity": 100000000000,
    "quantity": 100000000000,
    "filled_quantity": 0,
    "onchain_timestamp": 1748942496449,
    "balance_manager_id": "0x344c2734b1d211bd15212bfb7847c66a3b18803f3f5ab00f5ff6f87b6fe6d27d",
    "trader": "0xcde6dbe01902be1f200ff03dbbd149e586847be8cee15235f82750d9b06c0e04"
  },
  {
    "event_digest": "JCBMcKU7XA3rj7zcEfvnKpDdSex6QFDtL9EurL2DsD9c0",
    "digest": "JCBMcKU7XA3rj7zcEfvnKpDdSex6QFDtL9EurL2DsD9c",
    "sender": "0xcde6dbe01902be1f200ff03dbbd149e586847be8cee15235f82750d9b06c0e04",
    "checkpoint": 152558328,
    "timestamp": "2025-06-03 09:28:35.791795",
    "checkpoint_timestamp_ms": 1748942496646,
    "package": "0xcaf6ba059d539a97646d47f0b9ddf843e138d215e2a12ca1f4585d386f7aec3a",
    "status": "Placed",
    "pool_id": "0xe05dafb5133bcffb8d59f4e12465dc0e9faeaa05e3e342a08fe135800e3e4407",
    "order_id": "61093790144462737689484490",
    "client_order_id": 6872311601928289750,
    "price": 3311900,
    "is_bid": true,
    "original_quantity": 241500000000,
    "quantity": 241500000000,
    "filled_quantity": 0,
    "onchain_timestamp": 1748942496449,
    "balance_manager_id": "0x344c2734b1d211bd15212bfb7847c66a3b18803f3f5ab00f5ff6f87b6fe6d27d",
    "trader": "0xcde6dbe01902be1f200ff03dbbd149e586847be8cee15235f82750d9b06c0e04"
  },
  {
    "event_digest": "JCBMcKU7XA3rj7zcEfvnKpDdSex6QFDtL9EurL2DsD9c2",
    "digest": "JCBMcKU7XA3rj7zcEfvnKpDdSex6QFDtL9EurL2DsD9c",
    "sender": "0xcde6dbe01902be1f200ff03dbbd149e586847be8cee15235f82750d9b06c0e04",
    "checkpoint": 152558328,
    "timestamp": "2025-06-03 09:28:35.791795",
    "checkpoint_timestamp_ms": 1748942496646,
    "package": "0xcaf6ba059d539a97646d47f0b9ddf843e138d215e2a12ca1f4585d386f7aec3a",
    "status": "Placed",
    "pool_id": "0xe05dafb5133bcffb8d59f4e12465dc0e9faeaa05e3e342a08fe135800e3e4407",
    "order_id": "170141183460530275697176023364109998170",
    "client_order_id": 8676658927791792023,
    "price": 3309200,
    "is_bid": false,
    "original_quantity": 241700000000,
    "quantity": 241700000000,
    "filled_quantity": 0,
    "onchain_timestamp": 1748942496449,
    "balance_manager_id": "0x344c2734b1d211bd15212bfb7847c66a3b18803f3f5ab00f5ff6f87b6fe6d27d",
    "trader": "0xcde6dbe01902be1f200ff03dbbd149e586847be8cee15235f82750d9b06c0e04"
  },
  {
    "event_digest": "JCBMcKU7XA3rj7zcEfvnKpDdSex6QFDtL9EurL2DsD9c4",
    "digest": "JCBMcKU7XA3rj7zcEfvnKpDdSex6QFDtL9EurL2DsD9c",
    "sender": "0xcde6dbe01902be1f200ff03dbbd149e586847be8cee15235f82750d9b06c0e04",
    "checkpoint": 152558328,
    "timestamp": "2025-06-03 09:28:35.791795",
    "checkpoint_timestamp_ms": 1748942496646,
    "package": "0xcaf6ba059d539a97646d47f0b9ddf843e138d215e2a12ca1f4585d386f7aec3a",
    "status": "Canceled",
    "pool_id": "0xe05dafb5133bcffb8d59f4e12465dc0e9faeaa05e3e342a08fe135800e3e4407",
    "order_id": "61093790144462737689484490",
    "client_order_id": 6872311601928289750,
    "price": 3311900,
    "is_bid": true,
    "original_quantity": 241500000000,
    "quantity": 241500000000,
    "filled_quantity": 0,
    "onchain_timestamp": 1748942496449,
    "balance_manager_id": "0x344c2734b1d211bd15212bfb7847c66a3b18803f3f5ab00f5ff6f87b6fe6d27d",
    "trader": "0xcde6dbe01902be1f200ff03dbbd149e586847be8cee15235f82750d9b06c0e04"
  },
  {
    "event_digest": "JCBMcKU7XA3rj7zcEfvnKpDdSex6QFDtL9EurL2DsD9c5",
    "digest": "JCBMcKU7XA3rj7zcEfvnKpDdSex6QFDtL9EurL2DsD9c",
    "sender": "0xcde6dbe01902be1f200ff03dbbd149e586847be8cee15235f82750d9b06c0e04",
    "checkpoint": 152558328,
    "timestamp": "2025-06-03 09:28:35.791795",
    "checkpoint_timestamp_ms": 1748942496646,
    "package": "0xcaf6ba059d539a97646d47f0b9ddf843e138d215e2a12ca1f4585d386f7aec3a",
    "status": "Placed",
    "pool_id": "0xe05dafb5133bcffb8d59f4e12465dc0e9faeaa05e3e342a08fe135800e3e4407",
    "order_id": "60794952890468642953305289",
    "client_order_id": 7221201136843784672,
    "price": 3295700,
    "is_bid": true,
    "original_quantity": 38232100000000,
    "quantity": 38232100000000,
    "filled_quantity": 0,
    "onchain_timestamp": 1748942496449,
    "balance_manager_id": "0x344c2734b1d211bd15212bfb7847c66a3b18803f3f5ab00f5ff6f87b6fe6d27d",
    "trader": "0xcde6dbe01902be1f200ff03dbbd149e586847be8cee15235f82750d9b06c0e04"
  },
  {
    "event_digest": "JCBMcKU7XA3rj7zcEfvnKpDdSex6QFDtL9EurL2DsD9c7",
    "digest": "JCBMcKU7XA3rj7zcEfvnKpDdSex6QFDtL9EurL2DsD9c",
    "sender": "0xcde6dbe01902be1f200ff03dbbd149e586847be8cee15235f82750d9b06c0e04",
    "checkpoint": 152558328,
    "timestamp": "2025-06-03 09:28:35.791795",
    "checkpoint_timestamp_ms": 1748942496646,
    "package": "0xcaf6ba059d539a97646d47f0b9ddf843e138d215e2a12ca1f4585d386f7aec3a",
    "status": "Placed",
    "pool_id": "0xe05dafb5133bcffb8d59f4e12465dc0e9faeaa05e3e342a08fe135800e3e4407",
    "order_id": "170141183460530574534430017458846177371",
    "client_order_id": 1635684255806709651,
    "price": 3325400,
    "is_bid": false,
    "original_quantity": 37889600000000,
    "quantity": 37889600000000,
    "filled_quantity": 0,
    "onchain_timestamp": 1748942496449,
    "balance_manager_id": "0x344c2734b1d211bd15212bfb7847c66a3b18803f3f5ab00f5ff6f87b6fe6d27d",
    "trader": "0xcde6dbe01902be1f200ff03dbbd149e586847be8cee15235f82750d9b06c0e04"
  },
  {
    "event_digest": "JCBMcKU7XA3rj7zcEfvnKpDdSex6QFDtL9EurL2DsD9c9",
    "digest": "JCBMcKU7XA3rj7zcEfvnKpDdSex6QFDtL9EurL2DsD9c",
    "sender": "0xcde6dbe01902be1f200ff03dbbd149e586847be8cee15235f82750d9b06c0e04",
    "checkpoint": 152558328,
    "timestamp": "2025-06-03 09:28:35.791795",
    "checkpoint_timestamp_ms": 1748942496646,
    "package": "0xcaf6ba059d539a97646d47f0b9ddf843e138d215e2a12ca1f4585d386f7aec3a",
    "status": "Placed",
    "pool_id": "0xe05dafb5133bcffb8d59f4e12465dc0e9faeaa05e3e342a08fe135800e3e4407",
    "order_id": "60580970659213612154559688",
    "client_order_id": 8330489872513555620,
    "price": 3284100,
    "is_bid": true,
    "original_quantity": 38367000000000,
    "quantity": 38367000000000,
    "filled_quantity": 0,
    "onchain_timestamp": 1748942496449,
    "balance_manager_id": "0x344c2734b1d211bd15212bfb7847c66a3b18803f3f5ab00f5ff6f87b6fe6d27d",
    "trader": "0xcde6dbe01902be1f200ff03dbbd149e586847be8cee15235f82750d9b06c0e04"
  },
  {
    "event_digest": "JCBMcKU7XA3rj7zcEfvnKpDdSex6QFDtL9EurL2DsD9c11",
    "digest": "JCBMcKU7XA3rj7zcEfvnKpDdSex6QFDtL9EurL2DsD9c",
    "sender": "0xcde6dbe01902be1f200ff03dbbd149e586847be8cee15235f82750d9b06c0e04",
    "checkpoint": 152558328,
    "timestamp": "2025-06-03 09:28:35.791795",
    "checkpoint_timestamp_ms": 1748942496646,
    "package": "0xcaf6ba059d539a97646d47f0b9ddf843e138d215e2a12ca1f4585d386f7aec3a",
    "status": "Placed",
    "pool_id": "0xe05dafb5133bcffb8d59f4e12465dc0e9faeaa05e3e342a08fe135800e3e4407",
    "order_id": "170141183460530788516661272489644922972",
    "client_order_id": 7031761311220050111,
    "price": 3337000,
    "is_bid": false,
    "original_quantity": 37758000000000,
    "quantity": 37758000000000,
    "filled_quantity": 0,
    "onchain_timestamp": 1748942496449,
    "balance_manager_id": "0x344c2734b1d211bd15212bfb7847c66a3b18803f3f5ab00f5ff6f87b6fe6d27d",
    "trader": "0xcde6dbe01902be1f200ff03dbbd149e586847be8cee15235f82750d9b06c0e04"
  }
]
