---
source: crates/indexer/tests/snapshot_tests.rs
expression: rows
---
[
  {
    "event_digest": "A2JssMCS5x1o7RBNUAaZwLSsV3mceRNbKbMHyzdCwxG12",
    "digest": "A2JssMCS5x1o7RBNUAaZwLSsV3mceRNbKbMHyzdCwxG1",
    "sender": "0xb3d277c50f7b846a5f609a8d13428ae482b5826bb98437997373f3a0d60d280e",
    "checkpoint": "248054796",
    "timestamp": "1970-01-01 00:00:00.000000",
    "checkpoint_timestamp_ms": "1759426899178",
    "package": "0x442d21fd044b90274934614c3c41416c83582f42eaa8feb4fecea301aa6bdd54",
    "margin_manager_id": "0x43742effe6b818ce678030dad1f20b71103d7265c0f77cdc5abc0d7ee21216ef",
    "margin_pool_id": "0x52fae759e70a7fd35f2a4538589a949ad120dc67fa1bda7bf0b12dcc650b173a",
    "loan_amount": "1500000000",
    "total_borrow": "1500000000",
    "total_shares": "1500000000",
    "onchain_timestamp": "1759426899098"
  }
]
