---
source: crates/indexer/tests/snapshot_tests.rs
expression: rows
---
[
  {
    "event_digest": "7u5dzXJZWsmmw2E49bfVdWJGjbaTscfVyREeooaEckkm1",
    "digest": "7u5dzXJZWsmmw2E49bfVdWJGjbaTscfVyREeooaEckkm",
    "sender": "0x0f97e5774fa2d0ad786ee0a562c4f65762e141397e469a736703351df85383cc",
    "checkpoint": "251543896",
    "timestamp": "1970-01-01 00:00:00.000000",
    "checkpoint_timestamp_ms": "1760220497415",
    "package": "",
    "margin_pool_id": "0x52fae759e70a7fd35f2a4538589a949ad120dc67fa1bda7bf0b12dcc650b173a",
    "asset_type": "0000000000000000000000000000000000000000000000000000000000000002::sui::SUI",
    "supplier": "0x0f97e5774fa2d0ad786ee0a562c4f65762e141397e469a736703351df85383cc",
    "amount": "760000000",
    "shares": "759941911",
    "onchain_timestamp": "1760220497204"
  },
  {
    "event_digest": "97CUoSucgCucCGR1DP32JDncHrmWUnLr45PeVxUTyQtL1",
    "digest": "97CUoSucgCucCGR1DP32JDncHrmWUnLr45PeVxUTyQtL",
    "sender": "0x0f97e5774fa2d0ad786ee0a562c4f65762e141397e469a736703351df85383cc",
    "checkpoint": "251543075",
    "timestamp": "1970-01-01 00:00:00.000000",
    "checkpoint_timestamp_ms": "1760220305317",
    "package": "",
    "margin_pool_id": "0x52fae759e70a7fd35f2a4538589a949ad120dc67fa1bda7bf0b12dcc650b173a",
    "asset_type": "0000000000000000000000000000000000000000000000000000000000000002::sui::SUI",
    "supplier": "0x0f97e5774fa2d0ad786ee0a562c4f65762e141397e469a736703351df85383cc",
    "amount": "1",
    "shares": "0",
    "onchain_timestamp": "1760220305183"
  },
  {
    "event_digest": "2ZjZ4raWUhDmGjfQYtu2qHcmutspLNvsXLhxmuqJ3iyQ1",
    "digest": "2ZjZ4raWUhDmGjfQYtu2qHcmutspLNvsXLhxmuqJ3iyQ",
    "sender": "0xb3d277c50f7b846a5f609a8d13428ae482b5826bb98437997373f3a0d60d280e",
    "checkpoint": "248054140",
    "timestamp": "1970-01-01 00:00:00.000000",
    "checkpoint_timestamp_ms": "1759426756780",
    "package": "",
    "margin_pool_id": "0x52fae759e70a7fd35f2a4538589a949ad120dc67fa1bda7bf0b12dcc650b173a",
    "asset_type": "0000000000000000000000000000000000000000000000000000000000000002::sui::SUI",
    "supplier": "0xb3d277c50f7b846a5f609a8d13428ae482b5826bb98437997373f3a0d60d280e",
    "amount": "10000000000",
    "shares": "10000000000",
    "onchain_timestamp": "1759426756780"
  },
  {
    "event_digest": "4zVdhXXnYUkPL6unmKom8tkLjcPqfFGkqVa5xLV6rfjR1",
    "digest": "4zVdhXXnYUkPL6unmKom8tkLjcPqfFGkqVa5xLV6rfjR",
    "sender": "0x0f97e5774fa2d0ad786ee0a562c4f65762e141397e469a736703351df85383cc",
    "checkpoint": "251526734",
    "timestamp": "1970-01-01 00:00:00.000000",
    "checkpoint_timestamp_ms": "1760216497846",
    "package": "",
    "margin_pool_id": "0x52fae759e70a7fd35f2a4538589a949ad120dc67fa1bda7bf0b12dcc650b173a",
    "asset_type": "0000000000000000000000000000000000000000000000000000000000000002::sui::SUI",
    "supplier": "0x0f97e5774fa2d0ad786ee0a562c4f65762e141397e469a736703351df85383cc",
    "amount": "0",
    "shares": "0",
    "onchain_timestamp": "1760216497714"
  },
  {
    "event_digest": "BiUURuYaPxYMwjCGXzdzTM6TnzmNTxVtFzLAyccQo36t1",
    "digest": "BiUURuYaPxYMwjCGXzdzTM6TnzmNTxVtFzLAyccQo36t",
    "sender": "0x0f97e5774fa2d0ad786ee0a562c4f65762e141397e469a736703351df85383cc",
    "checkpoint": "251542702",
    "timestamp": "1970-01-01 00:00:00.000000",
    "checkpoint_timestamp_ms": "1760220217733",
    "package": "",
    "margin_pool_id": "0x52fae759e70a7fd35f2a4538589a949ad120dc67fa1bda7bf0b12dcc650b173a",
    "asset_type": "0000000000000000000000000000000000000000000000000000000000000002::sui::SUI",
    "supplier": "0x0f97e5774fa2d0ad786ee0a562c4f65762e141397e469a736703351df85383cc",
    "amount": "0",
    "shares": "0",
    "onchain_timestamp": "1760220217664"
  }
]
