---
source: crates/indexer/tests/snapshot_tests.rs
expression: rows
---
[
  {
    "event_digest": "9AeQ2ApuPBCuR4mAAwFhz8phfWnVpKs7S81KBDe89M7m0",
    "digest": "9AeQ2ApuPBCuR4mAAwFhz8phfWnVpKs7S81KBDe89M7m",
    "sender": "0xdb2fabc66becb36d269f6e9a78c0279761a08f1a50a55c2c9f6071a4bac9cc66",
    "checkpoint": 100000177,
    "timestamp": "1970-01-01 00:00:00.000000",
    "checkpoint_timestamp_ms": 1736510411558,
    "package": "",
    "balance_manager_id": "0xab9f57591f29313ba1d45a0fd5a23ecc6f6975d60aeced7fa7ed1c58b084e9a9",
    "asset": "0000000000000000000000000000000000000000000000000000000000000002::sui::SUI",
    "amount": 11000000000,
    "deposit": true
  },
  {
    "event_digest": "9AeQ2ApuPBCuR4mAAwFhz8phfWnVpKs7S81KBDe89M7m1",
    "digest": "9AeQ2ApuPBCuR4mAAwFhz8phfWnVpKs7S81KBDe89M7m",
    "sender": "0xdb2fabc66becb36d269f6e9a78c0279761a08f1a50a55c2c9f6071a4bac9cc66",
    "checkpoint": 100000177,
    "timestamp": "1970-01-01 00:00:00.000000",
    "checkpoint_timestamp_ms": 1736510411558,
    "package": "",
    "balance_manager_id": "0xab9f57591f29313ba1d45a0fd5a23ecc6f6975d60aeced7fa7ed1c58b084e9a9",
    "asset": "dba34672e30cb065b1f93e3ab55318768fd6fef66c15942c9f7cb846e2f900e7::usdc::USDC",
    "amount": 0,
    "deposit": true
  },
  {
    "event_digest": "9AeQ2ApuPBCuR4mAAwFhz8phfWnVpKs7S81KBDe89M7m2",
    "digest": "9AeQ2ApuPBCuR4mAAwFhz8phfWnVpKs7S81KBDe89M7m",
    "sender": "0xdb2fabc66becb36d269f6e9a78c0279761a08f1a50a55c2c9f6071a4bac9cc66",
    "checkpoint": 100000177,
    "timestamp": "1970-01-01 00:00:00.000000",
    "checkpoint_timestamp_ms": 1736510411558,
    "package": "",
    "balance_manager_id": "0xab9f57591f29313ba1d45a0fd5a23ecc6f6975d60aeced7fa7ed1c58b084e9a9",
    "asset": "deeb7a4662eec9f2f3def03fb937a663dddaa2e215b8078a284d026b7946c270::deep::DEEP",
    "amount": 364267,
    "deposit": true
  },
  {
    "event_digest": "9AeQ2ApuPBCuR4mAAwFhz8phfWnVpKs7S81KBDe89M7m3",
    "digest": "9AeQ2ApuPBCuR4mAAwFhz8phfWnVpKs7S81KBDe89M7m",
    "sender": "0xdb2fabc66becb36d269f6e9a78c0279761a08f1a50a55c2c9f6071a4bac9cc66",
    "checkpoint": 100000177,
    "timestamp": "1970-01-01 00:00:00.000000",
    "checkpoint_timestamp_ms": 1736510411558,
    "package": "",
    "balance_manager_id": "0xab9f57591f29313ba1d45a0fd5a23ecc6f6975d60aeced7fa7ed1c58b084e9a9",
    "asset": "0000000000000000000000000000000000000000000000000000000000000002::sui::SUI",
    "amount": 0,
    "deposit": false
  },
  {
    "event_digest": "9AeQ2ApuPBCuR4mAAwFhz8phfWnVpKs7S81KBDe89M7m4",
    "digest": "9AeQ2ApuPBCuR4mAAwFhz8phfWnVpKs7S81KBDe89M7m",
    "sender": "0xdb2fabc66becb36d269f6e9a78c0279761a08f1a50a55c2c9f6071a4bac9cc66",
    "checkpoint": 100000177,
    "timestamp": "1970-01-01 00:00:00.000000",
    "checkpoint_timestamp_ms": 1736510411558,
    "package": "",
    "balance_manager_id": "0xab9f57591f29313ba1d45a0fd5a23ecc6f6975d60aeced7fa7ed1c58b084e9a9",
    "asset": "dba34672e30cb065b1f93e3ab55318768fd6fef66c15942c9f7cb846e2f900e7::usdc::USDC",
    "amount": 55847000,
    "deposit": false
  },
  {
    "event_digest": "9AeQ2ApuPBCuR4mAAwFhz8phfWnVpKs7S81KBDe89M7m5",
    "digest": "9AeQ2ApuPBCuR4mAAwFhz8phfWnVpKs7S81KBDe89M7m",
    "sender": "0xdb2fabc66becb36d269f6e9a78c0279761a08f1a50a55c2c9f6071a4bac9cc66",
    "checkpoint": 100000177,
    "timestamp": "1970-01-01 00:00:00.000000",
    "checkpoint_timestamp_ms": 1736510411558,
    "package": "",
    "balance_manager_id": "0xab9f57591f29313ba1d45a0fd5a23ecc6f6975d60aeced7fa7ed1c58b084e9a9",
    "asset": "deeb7a4662eec9f2f3def03fb937a663dddaa2e215b8078a284d026b7946c270::deep::DEEP",
    "amount": 0,
    "deposit": false
  },
  {
    "event_digest": "9AeQ2ApuPBCuR4mAAwFhz8phfWnVpKs7S81KBDe89M7m6",
    "digest": "9AeQ2ApuPBCuR4mAAwFhz8phfWnVpKs7S81KBDe89M7m",
    "sender": "0xdb2fabc66becb36d269f6e9a78c0279761a08f1a50a55c2c9f6071a4bac9cc66",
    "checkpoint": 100000177,
    "timestamp": "1970-01-01 00:00:00.000000",
    "checkpoint_timestamp_ms": 1736510411558,
    "package": "",
    "balance_manager_id": "0xc8e754c3c0753664d995aa91e244ed89fcb3587b0a913c76f3f71f2521d2a1bc",
    "asset": "deeb7a4662eec9f2f3def03fb937a663dddaa2e215b8078a284d026b7946c270::deep::DEEP",
    "amount": 0,
    "deposit": true
  },
  {
    "event_digest": "9AeQ2ApuPBCuR4mAAwFhz8phfWnVpKs7S81KBDe89M7m7",
    "digest": "9AeQ2ApuPBCuR4mAAwFhz8phfWnVpKs7S81KBDe89M7m",
    "sender": "0xdb2fabc66becb36d269f6e9a78c0279761a08f1a50a55c2c9f6071a4bac9cc66",
    "checkpoint": 100000177,
    "timestamp": "1970-01-01 00:00:00.000000",
    "checkpoint_timestamp_ms": 1736510411558,
    "package": "",
    "balance_manager_id": "0xc8e754c3c0753664d995aa91e244ed89fcb3587b0a913c76f3f71f2521d2a1bc",
    "asset": "dba34672e30cb065b1f93e3ab55318768fd6fef66c15942c9f7cb846e2f900e7::usdc::USDC",
    "amount": 55847000,
    "deposit": true
  },
  {
    "event_digest": "9AeQ2ApuPBCuR4mAAwFhz8phfWnVpKs7S81KBDe89M7m8",
    "digest": "9AeQ2ApuPBCuR4mAAwFhz8phfWnVpKs7S81KBDe89M7m",
    "sender": "0xdb2fabc66becb36d269f6e9a78c0279761a08f1a50a55c2c9f6071a4bac9cc66",
    "checkpoint": 100000177,
    "timestamp": "1970-01-01 00:00:00.000000",
    "checkpoint_timestamp_ms": 1736510411558,
    "package": "",
    "balance_manager_id": "0xc8e754c3c0753664d995aa91e244ed89fcb3587b0a913c76f3f71f2521d2a1bc",
    "asset": "deeb7a4662eec9f2f3def03fb937a663dddaa2e215b8078a284d026b7946c270::deep::DEEP",
    "amount": 0,
    "deposit": true
  },
  {
    "event_digest": "9AeQ2ApuPBCuR4mAAwFhz8phfWnVpKs7S81KBDe89M7m9",
    "digest": "9AeQ2ApuPBCuR4mAAwFhz8phfWnVpKs7S81KBDe89M7m",
    "sender": "0xdb2fabc66becb36d269f6e9a78c0279761a08f1a50a55c2c9f6071a4bac9cc66",
    "checkpoint": 100000177,
    "timestamp": "1970-01-01 00:00:00.000000",
    "checkpoint_timestamp_ms": 1736510411558,
    "package": "",
    "balance_manager_id": "0xc8e754c3c0753664d995aa91e244ed89fcb3587b0a913c76f3f71f2521d2a1bc",
    "asset": "deeb7a4662eec9f2f3def03fb937a663dddaa2e215b8078a284d026b7946c270::deep::DEEP",
    "amount": 360000000,
    "deposit": false
  },
  {
    "event_digest": "9AeQ2ApuPBCuR4mAAwFhz8phfWnVpKs7S81KBDe89M7m10",
    "digest": "9AeQ2ApuPBCuR4mAAwFhz8phfWnVpKs7S81KBDe89M7m",
    "sender": "0xdb2fabc66becb36d269f6e9a78c0279761a08f1a50a55c2c9f6071a4bac9cc66",
    "checkpoint": 100000177,
    "timestamp": "1970-01-01 00:00:00.000000",
    "checkpoint_timestamp_ms": 1736510411558,
    "package": "",
    "balance_manager_id": "0xc8e754c3c0753664d995aa91e244ed89fcb3587b0a913c76f3f71f2521d2a1bc",
    "asset": "dba34672e30cb065b1f93e3ab55318768fd6fef66c15942c9f7cb846e2f900e7::usdc::USDC",
    "amount": 50600,
    "deposit": false
  },
  {
    "event_digest": "9AeQ2ApuPBCuR4mAAwFhz8phfWnVpKs7S81KBDe89M7m11",
    "digest": "9AeQ2ApuPBCuR4mAAwFhz8phfWnVpKs7S81KBDe89M7m",
    "sender": "0xdb2fabc66becb36d269f6e9a78c0279761a08f1a50a55c2c9f6071a4bac9cc66",
    "checkpoint": 100000177,
    "timestamp": "1970-01-01 00:00:00.000000",
    "checkpoint_timestamp_ms": 1736510411558,
    "package": "",
    "balance_manager_id": "0xc8e754c3c0753664d995aa91e244ed89fcb3587b0a913c76f3f71f2521d2a1bc",
    "asset": "deeb7a4662eec9f2f3def03fb937a663dddaa2e215b8078a284d026b7946c270::deep::DEEP",
    "amount": 0,
    "deposit": false
  }
]
