---
source: crates/indexer/tests/snapshot_tests.rs
expression: rows
---
[
  {
    "event_digest": "2WBXEufgyowDZR4f88aX3sh9qX2DPhn4DHSqdSi1ZyMQ0",
    "digest": "2WBXEufgyowDZR4f88aX3sh9qX2DPhn4DHSqdSi1ZyMQ",
    "sender": "0xbd1d25f49cc9b65f1e41d6c264ad0e065923de7ce6fd8b86d87d25c0a58742b9",
    "checkpoint": "193585515",
    "timestamp": "1970-01-01 00:00:00.000000",
    "checkpoint_timestamp_ms": "1758758411676",
    "package": "0xb29d83c26cdd2a64959263abbcfc4a6937f0c9fccaf98580ca56faded65be244",
    "pool_id": "0xe05dafb5133bcffb8d59f4e12465dc0e9faeaa05e3e342a08fe135800e3e4407",
    "burned_amount": "22824399055"
  },
  {
    "event_digest": "2WBXEufgyowDZR4f88aX3sh9qX2DPhn4DHSqdSi1ZyMQ1",
    "digest": "2WBXEufgyowDZR4f88aX3sh9qX2DPhn4DHSqdSi1ZyMQ",
    "sender": "0xbd1d25f49cc9b65f1e41d6c264ad0e065923de7ce6fd8b86d87d25c0a58742b9",
    "checkpoint": "193585515",
    "timestamp": "1970-01-01 00:00:00.000000",
    "checkpoint_timestamp_ms": "1758758411676",
    "package": "0xb29d83c26cdd2a64959263abbcfc4a6937f0c9fccaf98580ca56faded65be244",
    "pool_id": "0x4e2ca3988246e1d50b9bf209abb9c1cbfec65bd95afdacc620a36c67bdb8452f",
    "burned_amount": "0"
  },
  {
    "event_digest": "2WBXEufgyowDZR4f88aX3sh9qX2DPhn4DHSqdSi1ZyMQ2",
    "digest": "2WBXEufgyowDZR4f88aX3sh9qX2DPhn4DHSqdSi1ZyMQ",
    "sender": "0xbd1d25f49cc9b65f1e41d6c264ad0e065923de7ce6fd8b86d87d25c0a58742b9",
    "checkpoint": "193585515",
    "timestamp": "1970-01-01 00:00:00.000000",
    "checkpoint_timestamp_ms": "1758758411676",
    "package": "0xb29d83c26cdd2a64959263abbcfc4a6937f0c9fccaf98580ca56faded65be244",
    "pool_id": "0xa0b9ebefb38c963fd115f52d71fa64501b79d1adcb5270563f92ce0442376545",
    "burned_amount": "0"
  },
  {
    "event_digest": "2WBXEufgyowDZR4f88aX3sh9qX2DPhn4DHSqdSi1ZyMQ3",
    "digest": "2WBXEufgyowDZR4f88aX3sh9qX2DPhn4DHSqdSi1ZyMQ",
    "sender": "0xbd1d25f49cc9b65f1e41d6c264ad0e065923de7ce6fd8b86d87d25c0a58742b9",
    "checkpoint": "193585515",
    "timestamp": "1970-01-01 00:00:00.000000",
    "checkpoint_timestamp_ms": "1758758411676",
    "package": "0xb29d83c26cdd2a64959263abbcfc4a6937f0c9fccaf98580ca56faded65be244",
    "pool_id": "0x1109352b9112717bd2a7c3eb9a416fff1ba6951760f5bdd5424cf5e4e5b3e65c",
    "burned_amount": "0"
  },
  {
    "event_digest": "2WBXEufgyowDZR4f88aX3sh9qX2DPhn4DHSqdSi1ZyMQ4",
    "digest": "2WBXEufgyowDZR4f88aX3sh9qX2DPhn4DHSqdSi1ZyMQ",
    "sender": "0xbd1d25f49cc9b65f1e41d6c264ad0e065923de7ce6fd8b86d87d25c0a58742b9",
    "checkpoint": "193585515",
    "timestamp": "1970-01-01 00:00:00.000000",
    "checkpoint_timestamp_ms": "1758758411676",
    "package": "0xb29d83c26cdd2a64959263abbcfc4a6937f0c9fccaf98580ca56faded65be244",
    "pool_id": "0x0c0fdd4008740d81a8a7d4281322aee71a1b62c449eb5b142656753d89ebc060",
    "burned_amount": "32720302"
  },
  {
    "event_digest": "2WBXEufgyowDZR4f88aX3sh9qX2DPhn4DHSqdSi1ZyMQ5",
    "digest": "2WBXEufgyowDZR4f88aX3sh9qX2DPhn4DHSqdSi1ZyMQ",
    "sender": "0xbd1d25f49cc9b65f1e41d6c264ad0e065923de7ce6fd8b86d87d25c0a58742b9",
    "checkpoint": "193585515",
    "timestamp": "1970-01-01 00:00:00.000000",
    "checkpoint_timestamp_ms": "1758758411676",
    "package": "0xb29d83c26cdd2a64959263abbcfc4a6937f0c9fccaf98580ca56faded65be244",
    "pool_id": "0x27c4fdb3b846aa3ae4a65ef5127a309aa3c1f466671471a806d8912a18b253e8",
    "burned_amount": "36767718"
  },
  {
    "event_digest": "2WBXEufgyowDZR4f88aX3sh9qX2DPhn4DHSqdSi1ZyMQ6",
    "digest": "2WBXEufgyowDZR4f88aX3sh9qX2DPhn4DHSqdSi1ZyMQ",
    "sender": "0xbd1d25f49cc9b65f1e41d6c264ad0e065923de7ce6fd8b86d87d25c0a58742b9",
    "checkpoint": "193585515",
    "timestamp": "1970-01-01 00:00:00.000000",
    "checkpoint_timestamp_ms": "1758758411676",
    "package": "0xb29d83c26cdd2a64959263abbcfc4a6937f0c9fccaf98580ca56faded65be244",
    "pool_id": "0xe8e56f377ab5a261449b92ac42c8ddaacd5671e9fec2179d7933dd1a91200eec",
    "burned_amount": "0"
  },
  {
    "event_digest": "2WBXEufgyowDZR4f88aX3sh9qX2DPhn4DHSqdSi1ZyMQ7",
    "digest": "2WBXEufgyowDZR4f88aX3sh9qX2DPhn4DHSqdSi1ZyMQ",
    "sender": "0xbd1d25f49cc9b65f1e41d6c264ad0e065923de7ce6fd8b86d87d25c0a58742b9",
    "checkpoint": "193585515",
    "timestamp": "1970-01-01 00:00:00.000000",
    "checkpoint_timestamp_ms": "1758758411676",
    "package": "0xb29d83c26cdd2a64959263abbcfc4a6937f0c9fccaf98580ca56faded65be244",
    "pool_id": "0x183df694ebc852a5f90a959f0f563b82ac9691e42357e9a9fe961d71a1b809c8",
    "burned_amount": "0"
  },
  {
    "event_digest": "2WBXEufgyowDZR4f88aX3sh9qX2DPhn4DHSqdSi1ZyMQ8",
    "digest": "2WBXEufgyowDZR4f88aX3sh9qX2DPhn4DHSqdSi1ZyMQ",
    "sender": "0xbd1d25f49cc9b65f1e41d6c264ad0e065923de7ce6fd8b86d87d25c0a58742b9",
    "checkpoint": "193585515",
    "timestamp": "1970-01-01 00:00:00.000000",
    "checkpoint_timestamp_ms": "1758758411676",
    "package": "0xb29d83c26cdd2a64959263abbcfc4a6937f0c9fccaf98580ca56faded65be244",
    "pool_id": "0x5661fc7f88fbeb8cb881150a810758cf13700bb4e1f31274a244581b37c303c3",
    "burned_amount": "0"
  },
  {
    "event_digest": "2WBXEufgyowDZR4f88aX3sh9qX2DPhn4DHSqdSi1ZyMQ9",
    "digest": "2WBXEufgyowDZR4f88aX3sh9qX2DPhn4DHSqdSi1ZyMQ",
    "sender": "0xbd1d25f49cc9b65f1e41d6c264ad0e065923de7ce6fd8b86d87d25c0a58742b9",
    "checkpoint": "193585515",
    "timestamp": "1970-01-01 00:00:00.000000",
    "checkpoint_timestamp_ms": "1758758411676",
    "package": "0xb29d83c26cdd2a64959263abbcfc4a6937f0c9fccaf98580ca56faded65be244",
    "pool_id": "0x126865a0197d6ab44bfd15fd052da6db92fd2eb831ff9663451bbfa1219e2af2",
    "burned_amount": "0"
  },
  {
    "event_digest": "2WBXEufgyowDZR4f88aX3sh9qX2DPhn4DHSqdSi1ZyMQ10",
    "digest": "2WBXEufgyowDZR4f88aX3sh9qX2DPhn4DHSqdSi1ZyMQ",
    "sender": "0xbd1d25f49cc9b65f1e41d6c264ad0e065923de7ce6fd8b86d87d25c0a58742b9",
    "checkpoint": "193585515",
    "timestamp": "1970-01-01 00:00:00.000000",
    "checkpoint_timestamp_ms": "1758758411676",
    "package": "0xb29d83c26cdd2a64959263abbcfc4a6937f0c9fccaf98580ca56faded65be244",
    "pool_id": "0x1fe7b99c28ded39774f37327b509d58e2be7fff94899c06d22b407496a6fa990",
    "burned_amount": "0"
  },
  {
    "event_digest": "2WBXEufgyowDZR4f88aX3sh9qX2DPhn4DHSqdSi1ZyMQ11",
    "digest": "2WBXEufgyowDZR4f88aX3sh9qX2DPhn4DHSqdSi1ZyMQ",
    "sender": "0xbd1d25f49cc9b65f1e41d6c264ad0e065923de7ce6fd8b86d87d25c0a58742b9",
    "checkpoint": "193585515",
    "timestamp": "1970-01-01 00:00:00.000000",
    "checkpoint_timestamp_ms": "1758758411676",
    "package": "0xb29d83c26cdd2a64959263abbcfc4a6937f0c9fccaf98580ca56faded65be244",
    "pool_id": "0x56a1c985c1f1123181d6b881714793689321ba24301b3585eec427436eb1c76d",
    "burned_amount": "1010611241"
  },
  {
    "event_digest": "2WBXEufgyowDZR4f88aX3sh9qX2DPhn4DHSqdSi1ZyMQ12",
    "digest": "2WBXEufgyowDZR4f88aX3sh9qX2DPhn4DHSqdSi1ZyMQ",
    "sender": "0xbd1d25f49cc9b65f1e41d6c264ad0e065923de7ce6fd8b86d87d25c0a58742b9",
    "checkpoint": "193585515",
    "timestamp": "1970-01-01 00:00:00.000000",
    "checkpoint_timestamp_ms": "1758758411676",
    "package": "0xb29d83c26cdd2a64959263abbcfc4a6937f0c9fccaf98580ca56faded65be244",
    "pool_id": "0x81f5339934c83ea19dd6bcc75c52e83509629a5f71d3257428c2ce47cc94d08b",
    "burned_amount": "607760763"
  }
]
