---
source: crates/indexer/tests/snapshot_tests.rs
expression: rows
---
[
  {
    "event_digest": "G5vNm6fofF2QJeNXXHQoXRx1pYD8mPA4RfCWZCbooxKP0",
    "digest": "G5vNm6fofF2QJeNXXHQoXRx1pYD8mPA4RfCWZCbooxKP",
    "sender": "0xe2582e9e38ac48d9e486863338b24f376464abc445785ce0386e76bcf5c04b9f",
    "checkpoint": 100000337,
    "timestamp": "1970-01-01 00:00:00.000000",
    "checkpoint_timestamp_ms": 1736510450255,
    "package": "0x9fdcb0fcb129f1f6282fe0bda7187de85cda7dd4d619c1cd31213c04e75fa0f2",
    "pool_id": "0xe05dafb5133bcffb8d59f4e12465dc0e9faeaa05e3e342a08fe135800e3e4407",
    "maker_order_id": "93727925085262305464784057",
    "taker_order_id": "170141183460469231750134047789599572851",
    "maker_client_order_id": 6631680315252210715,
    "taker_client_order_id": 0,
    "price": 5081000,
    "taker_fee": 3314135,
    "taker_fee_is_deep": true,
    "maker_fee": 662827,
    "maker_fee_is_deep": true,
    "taker_is_bid": false,
    "base_quantity": 100000000000,
    "quote_quantity": 508100000,
    "maker_balance_manager_id": "0x344c2734b1d211bd15212bfb7847c66a3b18803f3f5ab00f5ff6f87b6fe6d27d",
    "taker_balance_manager_id": "0xecd5aa8e0529cd294bd61cfc6eb9ec76a46383f701cd71ee855595a63002444b",
    "onchain_timestamp": 1736510450157
  },
  {
    "event_digest": "G5vNm6fofF2QJeNXXHQoXRx1pYD8mPA4RfCWZCbooxKP1",
    "digest": "G5vNm6fofF2QJeNXXHQoXRx1pYD8mPA4RfCWZCbooxKP",
    "sender": "0xe2582e9e38ac48d9e486863338b24f376464abc445785ce0386e76bcf5c04b9f",
    "checkpoint": 100000337,
    "timestamp": "1970-01-01 00:00:00.000000",
    "checkpoint_timestamp_ms": 1736510450255,
    "package": "0x9fdcb0fcb129f1f6282fe0bda7187de85cda7dd4d619c1cd31213c04e75fa0f2",
    "pool_id": "0xf948981b806057580f91622417534f491da5f61aeaf33d0ed8e69fd5691c95ce",
    "maker_order_id": "170141183463330321737519655171529707732",
    "taker_order_id": "170141183460469231731687303715880064919",
    "maker_client_order_id": 123456789,
    "taker_client_order_id": 0,
    "price": 155100000,
    "taker_fee": 0,
    "taker_fee_is_deep": false,
    "maker_fee": 0,
    "maker_fee_is_deep": true,
    "taker_is_bid": true,
    "base_quantity": 1890000000,
    "quote_quantity": 293139000,
    "maker_balance_manager_id": "0x7feeb77a38c26ad4013369c103674f18496efaee6d417f14b3c1c97a3733de5b",
    "taker_balance_manager_id": "0x7479dc44f83c04f8292abec200090f6b526e0dfae93703bfdb0e5ecb880a7657",
    "onchain_timestamp": 1736510450157
  },
  {
    "event_digest": "G5vNm6fofF2QJeNXXHQoXRx1pYD8mPA4RfCWZCbooxKP2",
    "digest": "G5vNm6fofF2QJeNXXHQoXRx1pYD8mPA4RfCWZCbooxKP",
    "sender": "0xe2582e9e38ac48d9e486863338b24f376464abc445785ce0386e76bcf5c04b9f",
    "checkpoint": 100000337,
    "timestamp": "1970-01-01 00:00:00.000000",
    "checkpoint_timestamp_ms": 1736510450255,
    "package": "0x9fdcb0fcb129f1f6282fe0bda7187de85cda7dd4d619c1cd31213c04e75fa0f2",
    "pool_id": "0xf948981b806057580f91622417534f491da5f61aeaf33d0ed8e69fd5691c95ce",
    "maker_order_id": "170141183463333457684012185795304427729",
    "taker_order_id": "170141183460469231731687303715880064919",
    "maker_client_order_id": 8092477148216240135,
    "taker_client_order_id": 0,
    "price": 155270000,
    "taker_fee": 0,
    "taker_fee_is_deep": false,
    "maker_fee": 0,
    "maker_fee_is_deep": true,
    "taker_is_bid": true,
    "base_quantity": 640000000,
    "quote_quantity": 99372800,
    "maker_balance_manager_id": "0x344c2734b1d211bd15212bfb7847c66a3b18803f3f5ab00f5ff6f87b6fe6d27d",
    "taker_balance_manager_id": "0x7479dc44f83c04f8292abec200090f6b526e0dfae93703bfdb0e5ecb880a7657",
    "onchain_timestamp": 1736510450157
  },
  {
    "event_digest": "G5vNm6fofF2QJeNXXHQoXRx1pYD8mPA4RfCWZCbooxKP3",
    "digest": "G5vNm6fofF2QJeNXXHQoXRx1pYD8mPA4RfCWZCbooxKP",
    "sender": "0xe2582e9e38ac48d9e486863338b24f376464abc445785ce0386e76bcf5c04b9f",
    "checkpoint": 100000337,
    "timestamp": "1970-01-01 00:00:00.000000",
    "checkpoint_timestamp_ms": 1736510450255,
    "package": "0x9fdcb0fcb129f1f6282fe0bda7187de85cda7dd4d619c1cd31213c04e75fa0f2",
    "pool_id": "0xf948981b806057580f91622417534f491da5f61aeaf33d0ed8e69fd5691c95ce",
    "maker_order_id": "170141183463349506351356313105210347727",
    "taker_order_id": "170141183460469231731687303715880064919",
    "maker_client_order_id": 4776976116944917494,
    "taker_client_order_id": 0,
    "price": 156140000,
    "taker_fee": 0,
    "taker_fee_is_deep": false,
    "maker_fee": 0,
    "maker_fee_is_deep": true,
    "taker_is_bid": true,
    "base_quantity": 740000000,
    "quote_quantity": 115543600,
    "maker_balance_manager_id": "0x344c2734b1d211bd15212bfb7847c66a3b18803f3f5ab00f5ff6f87b6fe6d27d",
    "taker_balance_manager_id": "0x7479dc44f83c04f8292abec200090f6b526e0dfae93703bfdb0e5ecb880a7657",
    "onchain_timestamp": 1736510450157
  }
]
